#-----------------------------------------------------------
# Vivado v2017.1 (64-bit)
# SW Build 1846317 on Fri Apr 14 18:55:03 MDT 2017
# IP Build 1846188 on Fri Apr 14 20:52:08 MDT 2017
# Start of session at: Mon Jul  9 16:03:28 2018
# Process ID: 9708
# Current directory: D:/vivadoproject/project_20180708(1)/project_20180708
# Command line: vivado.exe -gui_launcher_event rodinguilauncherevent14476 D:\vivadoproject\project_20180708(1)\project_20180708\project_20180708.xpr
# Log file: D:/vivadoproject/project_20180708(1)/project_20180708/vivado.log
# Journal file: D:/vivadoproject/project_20180708(1)/project_20180708\vivado.jou
#-----------------------------------------------------------
start_gui
open_project D:/vivadoproject/project_20180708(1)/project_20180708/project_20180708.xpr
update_compile_order -fileset sources_1
open_hw
connect_hw_server -url localhost:3121
current_hw_target [get_hw_targets */xilinx_tcf/Digilent/210183714730A]
set_property PARAM.FREQUENCY 15000000 [get_hw_targets */xilinx_tcf/Digilent/210183714730A]
open_hw_target
set_property PROGRAM.FILE {D:/vivadoproject/project_20180708(1)/project_20180708/project_20180708.runs/impl_1/design_1.bit} [get_hw_devices xc7a35t_0]
set_property PROBES.FILE {D:/vivadoproject/project_20180708(1)/project_20180708/project_20180708.runs/impl_1/design_1.ltx} [get_hw_devices xc7a35t_0]
set_property FULL_PROBES.FILE {D:/vivadoproject/project_20180708(1)/project_20180708/project_20180708.runs/impl_1/design_1.ltx} [get_hw_devices xc7a35t_0]
current_hw_device [get_hw_devices xc7a35t_0]
refresh_hw_device [lindex [get_hw_devices xc7a35t_0] 0]
display_hw_ila_data [ get_hw_ila_data hw_ila_data_1 -of_objects [get_hw_ilas -of_objects [get_hw_devices xc7a35t_0] -filter {CELL_NAME=~"u_ila_0"}]]
set_property PROBES.FILE {D:/vivadoproject/project_20180708(1)/project_20180708/project_20180708.runs/impl_1/design_1.ltx} [get_hw_devices xc7a35t_0]
set_property FULL_PROBES.FILE {D:/vivadoproject/project_20180708(1)/project_20180708/project_20180708.runs/impl_1/design_1.ltx} [get_hw_devices xc7a35t_0]
set_property PROGRAM.FILE {D:/vivadoproject/project_20180708(1)/project_20180708/project_20180708.runs/impl_1/design_1.bit} [get_hw_devices xc7a35t_0]
program_hw_devices [get_hw_devices xc7a35t_0]
refresh_hw_device [lindex [get_hw_devices xc7a35t_0] 0]
save_wave_config {D:/vivadoproject/project_20180708(1)/project_20180708/project_20180708.hw/hw_1/wave/hw_ila_data_1/hw_ila_data_1.wcfg}
close_hw
